// Jest Snapshot v1, https://goo.gl/fbAQLP

exports[`Joyride standalone tooltips should be able to trigger the 1st tooltip 1`] = `"<div tabindex=\\"-1\\" role=\\"region\\" aria-live=\\"polite\\" aria-label=\\"The classic joyride\\" class=\\"joyride-tooltip joyride-tooltip--standalone top joyride-tooltip--animate\\" style=\\"position: absolute; top: 15px; left: 494px; background-color: rgba(0, 0, 0, 0.8); color: rgb(255, 255, 255); text-align: center; width: 29rem;\\" data-target=\\".hero__tooltip\\"><div class=\\"joyride-tooltip__triangle joyride-tooltip__triangle-top\\" style=\\"left: 5%;\\"></div><button class=\\"joyride-tooltip__close joyride-tooltip__close--header\\" aria-label=\\"Close\\" style=\\"color: rgb(255, 255, 255);\\" data-type=\\"close\\"></button><div class=\\"joyride-tooltip__header\\" style=\\"color: rgb(255, 255, 255); border-color: #ff67b4;\\" aria-hidden=\\"true\\">The classic joyride</div><div class=\\"joyride-tooltip__main\\">Let's go on a magical tour! Just click the big orange button.</div><div class=\\"joyride-tooltip__footer\\"><button class=\\"joyride-tooltip__button joyride-tooltip__button--primary\\" style=\\"color: rgb(255, 255, 255); background-color: rgb(255, 103, 180);\\" data-type=\\"next\\">Close</button></div></div>"`;

exports[`Joyride standalone tooltips should be able to trigger the 2nd tooltip 1`] = `"<div tabindex=\\"-1\\" role=\\"region\\" aria-live=\\"polite\\" aria-label=\\"A fixed tooltip\\" class=\\"joyride-tooltip joyride-tooltip--standalone bottom joyride-tooltip--animate\\" style=\\"position: fixed; top: -15px; left: 494px; background-color: rgb(255, 255, 255); color: rgb(51, 51, 51); text-align: center; width: 29rem;\\" data-target=\\".demo__footer img\\"><div class=\\"joyride-tooltip__triangle joyride-tooltip__triangle-bottom\\" style=\\"left: 5%;\\"></div><button class=\\"joyride-tooltip__close joyride-tooltip__close--header\\" aria-label=\\"Close\\" style=\\"color: rgb(51, 51, 51); opacity: 0;\\" data-type=\\"close\\"></button><div class=\\"joyride-tooltip__header\\" style=\\"color: rgb(51, 51, 51);\\" aria-hidden=\\"true\\">A fixed tooltip</div><div class=\\"joyride-tooltip__main\\">For fixed elements, you know?</div><div class=\\"joyride-tooltip__footer\\"><button class=\\"joyride-tooltip__button joyride-tooltip__button--primary\\" style=\\"color: rgb(51, 51, 51);\\" data-type=\\"next\\">Close</button></div></div>"`;

exports[`Joyride tour with \`type\` "single" should be able to click the 1st step beacon 1`] = `"<div class=\\"joyride-overlay\\" style=\\"cursor: pointer; height: 36px; pointer-events: auto;\\" data-type=\\"close\\"><div class=\\"joyride-hole \\" style=\\"top: -455px; left: -5px; width: 1034px; height: 610px;\\"></div><div tabindex=\\"-1\\" role=\\"region\\" aria-live=\\"polite\\" aria-label=\\"Title only steps — As they say: Make the font bigger!\\" class=\\"joyride-tooltip bottom joyride-tooltip--animate\\" style=\\"position: absolute; top: -15px; left: 494px;\\" data-target=\\".projects .list\\"><div class=\\"joyride-tooltip__triangle joyride-tooltip__triangle-bottom\\" style=\\"left: 5%;\\"></div><button class=\\"joyride-tooltip__close joyride-tooltip__close--header\\" aria-label=\\"Close\\" data-type=\\"close\\"></button><div class=\\"joyride-tooltip__header\\" aria-hidden=\\"true\\">Title only steps — As they say: Make the font bigger!</div><div class=\\"joyride-tooltip__main\\"></div><div class=\\"joyride-tooltip__footer\\"><button class=\\"joyride-tooltip__button joyride-tooltip__button--primary\\" data-type=\\"close\\">Close</button></div></div></div>"`;

exports[`Joyride tour with \`type\` "single" should be able to click the 2nd step beacon 1`] = `"<div class=\\"joyride-overlay\\" style=\\"cursor: default; height: 36px; pointer-events: auto;\\" data-type=\\"close\\"><div class=\\"joyride-hole \\" style=\\"top: -455px; left: -5px; width: 1034px; height: 610px;\\"></div><div tabindex=\\"-1\\" role=\\"region\\" aria-live=\\"polite\\" aria-label=\\"Our Mission\\" class=\\"joyride-tooltip top joyride-tooltip--animate\\" style=\\"position: absolute; top: 15px; left: 494px;\\" data-target=\\".mission button\\"><div class=\\"joyride-tooltip__triangle joyride-tooltip__triangle-top\\" style=\\"left: 5%;\\"></div><button class=\\"joyride-tooltip__close joyride-tooltip__close--header\\" aria-label=\\"Close\\" data-type=\\"close\\"></button><div class=\\"joyride-tooltip__header\\" aria-hidden=\\"true\\">Our Mission</div><div class=\\"joyride-tooltip__main\\">Can be advanced by clicking an element through the overlay hole.</div><div class=\\"joyride-tooltip__footer\\"><button class=\\"joyride-tooltip__button joyride-tooltip__button--primary\\" style=\\"display: none;\\" data-type=\\"close\\">Close</button></div></div></div>"`;

exports[`Joyride tour with \`type\` "single" should be able to click the 5th step beacon 1`] = `"<div class=\\"joyride-overlay\\" style=\\"cursor: pointer; height: 115px; pointer-events: auto;\\" data-type=\\"close\\"><div class=\\"joyride-hole \\" style=\\"top: -5px; left: -5px; width: 1034px; height: 610px; position: fixed;\\"></div><div tabindex=\\"-1\\" role=\\"region\\" aria-live=\\"polite\\" class=\\"joyride-tooltip bottom joyride-tooltip--animate\\" style=\\"position: fixed; top: -15px; left: 287px;\\" data-target=\\".demo__footer a\\"><div class=\\"joyride-tooltip__triangle joyride-tooltip__triangle-bottom\\" style=\\"left: 21.97%;\\"></div><button class=\\"joyride-tooltip__close\\" aria-label=\\"Close\\" data-type=\\"close\\"></button><div class=\\"joyride-tooltip__main\\">Text only steps — Because sometimes you don't really need a proper heading</div><div class=\\"joyride-tooltip__footer\\"><button class=\\"joyride-tooltip__button joyride-tooltip__button--primary\\" data-type=\\"close\\">Close</button></div></div></div>"`;

exports[`Joyride tour with \`type\` "single" should be able to start the tour 1`] = `"<button class=\\"joyride-beacon\\" style=\\"left: 494px; position: absolute; top: -15px;\\"><span class=\\"joyride-beacon__inner\\"></span><span class=\\"joyride-beacon__outer\\"></span></button>"`;
